Date: Sun Mar  1 02:25:38 UTC 2026
Last commit: 5d9187771a561b18c559fd8b34c941aa1d62bc76
Author: Cristian Bravo
Message: Update author name in README.md
----------------------------------------
Date: Sun Mar  1 05:51:41 UTC 2026
Last commit: 9c159368a113a1960ebb6ef5614b997bab20b7e1
Author: github-actions
Message: chore: daily code check log
----------------------------------------
Date: Mon Mar  2 05:52:50 UTC 2026
Last commit: 48d246d084d9ce41c86487f3c24b6e6d83be2865
Author: github-actions
Message: chore: daily code check log
----------------------------------------
Date: Tue Mar  3 05:49:40 UTC 2026
Last commit: bbffe5e457592c5832887e773b17ea70d68c7d68
Author: github-actions
Message: chore: daily code check log
----------------------------------------
Date: Wed Mar  4 05:42:55 UTC 2026
Last commit: 45cf950d1cbe0a662dfa1f20b03adcd8fddbf248
Author: github-actions
Message: chore: daily code check log
----------------------------------------
Date: Thu Mar  5 05:48:17 UTC 2026
Last commit: 504f2c2dfe7c9296c4df69b98e8e88c11e4324ed
Author: github-actions
Message: chore: daily code check log
----------------------------------------
Date: Fri Mar  6 05:44:17 UTC 2026
Last commit: 6f6d1849a6e4079784bb4baf866ad143f94f824a
Author: github-actions
Message: chore: daily code check log
----------------------------------------
Date: Sat Mar  7 05:36:26 UTC 2026
Last commit: 111630b72ca1f5fa9aec76f8021e975d3d5b49ff
Author: github-actions
Message: chore: daily code check log
----------------------------------------
Date: Sun Mar  8 05:42:28 UTC 2026
Last commit: c29388ffdc7f926d7b2ac9da7d7467e1a8f7602a
Author: github-actions
Message: chore: daily code check log
----------------------------------------
Date: Mon Mar  9 05:57:27 UTC 2026
Last commit: 056cdd2af367e550cec375f7cc3a409e2e78d615
Author: github-actions
Message: chore: daily code check log
----------------------------------------
Date: Tue Mar 10 05:45:16 UTC 2026
Last commit: 43823614660c92d63f335ddf2b4cac800b27fdc8
Author: github-actions
Message: chore: daily code check log
----------------------------------------
Date: Wed Mar 11 05:48:51 UTC 2026
Last commit: 6c854b720da59fc940c3758e2e7fbbfe3021d0b4
Author: github-actions
Message: chore: daily code check log
----------------------------------------
Date: Thu Mar 12 05:51:00 UTC 2026
Last commit: 22af578a156f4de32dddf18437a851e2ee09578a
Author: github-actions
Message: chore: daily code check log
----------------------------------------
Date: Fri Mar 13 05:48:33 UTC 2026
Last commit: 91a0f3bf70f3bb86b6f6e91b268faf5cbdfb528b
Author: github-actions
Message: chore: daily code check log
----------------------------------------
Date: Sat Mar 14 05:45:10 UTC 2026
Last commit: cf5a26d6fbebd34aca7a07ae6d837c5f54d3efb4
Author: github-actions
Message: chore: daily code check log
----------------------------------------
Date: Sun Mar 15 06:05:20 UTC 2026
Last commit: 9f1c602ffa08da294d65f7e0fc8e5adfd0f8e60e
Author: github-actions
Message: chore: daily code check log
----------------------------------------
Date: Mon Mar 16 06:19:34 UTC 2026
Last commit: 2aecd4c89d96c393b4c907e7928e35885beafb48
Author: github-actions
Message: chore: daily code check log
----------------------------------------
Date: Tue Mar 17 05:58:31 UTC 2026
Last commit: 77d1093f91c4f0196e594dfd847049df0cf7f926
Author: github-actions
Message: chore: daily code check log
----------------------------------------
Date: Wed Mar 18 06:02:18 UTC 2026
Last commit: d8613c8ce63252f17bbd147d5c42b8b318bca7a8
Author: github-actions
Message: chore: daily code check log
----------------------------------------
Date: Thu Mar 19 05:58:08 UTC 2026
Last commit: 5553bc3ee9fba66fce61f23fcd0665f0e44f2416
Author: github-actions
Message: chore: daily code check log
----------------------------------------
